[7h[0;40;37m[?33h




 [1m > >> WACK MC'S ONLY LASTING ONE SEASON

 [0m    [1m _,,,,_ [0m   [1m____[8C[0m   [1m[12C____[0m   [1m _,,,,_ [0m    [1mgggg _,,,,_
``,s#SSS#s,S  ggyy[5C::::  gggg  ,s#SS#s,[0m [1mS#s,''
:SSP"` .`"71ý" ^ýl  ¥¥88  ggg8888  ¥¥¥;  SSP"` [0m [1m`"7SSSP"`.[0m [1m`"7SS:
11lSS:[0m [1m,81;[0m [1m ;[5C; [0m [1m88¥'[0m [1m:i‹l1SS  ¥¥¤,[0m [1m:l1SS:[0m [1m,18;[0m [1m:SSSl11:[0m [1m;i1,[0m [1m:l1SSS
‹Œ1l[0m [1m;¥¥88[0m  [1ma,.,al[0m  [1m8¥¥¥  ::‹11S  ¥¥¥¥[0m  [1mill1ý"[0m  [1m"ý¥¥[0m  [1mSSll1‹Œ[0m  [1mi18¥[0m [1m ‹111
;::Œ‹[0m [1m¥¥¥81[0m  [1mSS11‹ [0m [1m18¥¥  ù ;:‹Œl  ¥¥¥¥[0m  [1m:;‹i;  [0m [1m   ;¥[0m  [1m11‹i::;[0m  [1m1¥¥¥;[0m [1m;:‹Œ
ù ù;; ¥¥81;[0m  [1mýýýii:;[0m  [1m;18¥ [0m [1múúù ;: [0m [1m¥¥¥¥[0m  [1mùù;:‹a,[0m  [1m,a¥¥[0m  [1mi;;:ù ù[0m  [1m8¥¥'[0m [1mùù ::;
:úù ....[0m [1m.  ggg ::ù ù  `¥¥    ú ùù:  88¥' úú ù :::[0m [1m ÊÊÊÊ  ;;ù ùúú:  ¥¥¥   úúù ù
. [0m [1mú.. :[0m [1m:[6Cù ú Ä- - -Ä-:   ú ù ÄÄ--Ä-   ú ùùùýýýýýýýýýý: ú  .  ÊÊÊ   : ú .
:.[0m [1m.:  ù[0m [1m [0m [1m### # ###  ##### :... ..  # ##  ~~ ~~~~  ### #[0m [1m..:.  .:... ###[0m [1m: ..:
[0m    [1mù[0m [1m[5C[0m[17C[1mù[0m[14C[1m~~ ~~ ~    [0m   [1m [0m [1m`.   ú .`[0m[10C[1mù
fluph.darktech.org°http://fluph.bbsnexus.com a°mix of old and new,[0m [1mmassm(kwest)
